// Jest Snapshot v1, https://goo.gl/fbAQLP

exports[`A works ok 1`] = `
<a
  href="http://www.google.com"
  rel="noopener noreferrer"
  target="_blank"
>
  Click me!
</a>
`;
